[0m23:55:03.418473 [debug] [MainThread]: Sending event: {'category': 'dbt', 'action': 'invocation', 'label': 'start', 'context': [<snowplow_tracker.self_describing_json.SelfDescribingJson object at 0x000001C4AAB0FA00>, <snowplow_tracker.self_describing_json.SelfDescribingJson object at 0x000001C4AD65DDE0>, <snowplow_tracker.self_describing_json.SelfDescribingJson object at 0x000001C4AD65DBD0>]}


============================== 23:55:03.496649 | 1399b579-68e4-4ef5-927c-887a7cf2e473 ==============================
[0m23:55:03.496649 [info ] [MainThread]: Running with dbt=1.7.19
[0m23:55:03.496649 [debug] [MainThread]: running dbt with arguments {'printer_width': '80', 'indirect_selection': 'eager', 'write_json': 'True', 'log_cache_events': 'False', 'partial_parse': 'True', 'cache_selected_only': 'False', 'warn_error': 'None', 'fail_fast': 'False', 'profiles_dir': 'C:\\Users\\samdh\\.dbt', 'log_path': 'logs', 'debug': 'False', 'version_check': 'True', 'use_colors': 'True', 'use_experimental_parser': 'False', 'no_print': 'None', 'quiet': 'False', 'log_format': 'default', 'static_parser': 'True', 'invocation_command': 'dbt init my_dbt_project', 'introspect': 'True', 'target_path': 'None', 'warn_error_options': 'WarnErrorOptions(include=[], exclude=[])', 'send_anonymous_usage_stats': 'True'}
[0m23:55:03.512242 [warn ] [MainThread]: [ConfigFolderDirectory]: Unable to parse dict {'dir': WindowsPath('C:/Users/samdh/.dbt')}
[0m23:55:03.512242 [info ] [MainThread]: Creating dbt configuration folder at 
[0m23:55:03.527899 [debug] [MainThread]: Starter project path: C:\Users\samdh\Documents\codes_sam\sql_notebook\env\lib\site-packages\dbt\include\starter_project
[0m23:55:03.786625 [info ] [MainThread]: 
Your new dbt project "my_dbt_project" was created!

For more information on how to configure the profiles.yml file,
please consult the dbt documentation here:

  https://docs.getdbt.com/docs/configure-your-profile

One more thing:

Need help? Don't hesitate to reach out to us via GitHub issues or on Slack:

  https://community.getdbt.com/

Happy modeling!

[0m23:55:03.792615 [info ] [MainThread]: Setting up your profile.
[0m23:56:23.533607 [info ] [MainThread]: Profile my_dbt_project written to C:\Users\samdh\.dbt\profiles.yml using target's sample configuration. Once updated, you'll be able to start developing with dbt.
[0m23:56:23.542034 [debug] [MainThread]: Command `dbt init` succeeded at 23:56:23.542034 after 80.48 seconds
[0m23:56:23.542034 [debug] [MainThread]: Sending event: {'category': 'dbt', 'action': 'invocation', 'label': 'end', 'context': [<snowplow_tracker.self_describing_json.SelfDescribingJson object at 0x000001C4AAB0FA00>, <snowplow_tracker.self_describing_json.SelfDescribingJson object at 0x000001C4AD65DCF0>, <snowplow_tracker.self_describing_json.SelfDescribingJson object at 0x000001C4AD65DD50>]}
[0m23:56:23.542034 [debug] [MainThread]: Flushing usage events
[0m16:41:17.055274 [debug] [MainThread]: Sending event: {'category': 'dbt', 'action': 'invocation', 'label': 'start', 'context': [<snowplow_tracker.self_describing_json.SelfDescribingJson object at 0x000001EE003FE410>, <snowplow_tracker.self_describing_json.SelfDescribingJson object at 0x000001EE02E65F30>, <snowplow_tracker.self_describing_json.SelfDescribingJson object at 0x000001EE02E65D50>]}


============================== 16:41:17.217489 | 6bf95ecc-753c-487f-acdd-c6dd71cc4e12 ==============================
[0m16:41:17.217489 [info ] [MainThread]: Running with dbt=1.7.19
[0m16:41:17.225509 [debug] [MainThread]: running dbt with arguments {'printer_width': '80', 'indirect_selection': 'eager', 'write_json': 'True', 'log_cache_events': 'False', 'partial_parse': 'True', 'cache_selected_only': 'False', 'warn_error': 'None', 'version_check': 'True', 'fail_fast': 'False', 'log_path': 'logs', 'profiles_dir': 'C:\\Users\\samdh\\.dbt', 'debug': 'False', 'use_colors': 'True', 'use_experimental_parser': 'False', 'no_print': 'None', 'quiet': 'False', 'log_format': 'default', 'invocation_command': 'dbt test', 'warn_error_options': 'WarnErrorOptions(include=[], exclude=[])', 'static_parser': 'True', 'target_path': 'None', 'introspect': 'True', 'send_anonymous_usage_stats': 'True'}
[0m16:41:17.234005 [error] [MainThread]: Encountered an error:
Runtime Error
  No dbt_project.yml found at expected path C:\Users\samdh\Documents\codes_sam\sql_notebook\dbt_project.yml
  Verify that each entry within packages.yml (and their transitive dependencies) contains a file named dbt_project.yml
  
[0m16:41:17.250002 [debug] [MainThread]: Command `dbt test` failed at 16:41:17.242003 after 0.48 seconds
[0m16:41:17.250002 [debug] [MainThread]: Sending event: {'category': 'dbt', 'action': 'invocation', 'label': 'end', 'context': [<snowplow_tracker.self_describing_json.SelfDescribingJson object at 0x000001EE003FE410>, <snowplow_tracker.self_describing_json.SelfDescribingJson object at 0x000001EE02E65C60>, <snowplow_tracker.self_describing_json.SelfDescribingJson object at 0x000001EE02E65FC0>]}
[0m16:41:17.258477 [debug] [MainThread]: Flushing usage events
